../Core/Src/main.c:88:6:delay_us	16	static
../Core/Src/main.c:94:6:Set_Pin_Output	32	static
../Core/Src/main.c:103:6:Set_Pin_Input	32	static
../Core/Src/main.c:111:6:motor_control	32	static
../Core/Src/main.c:167:6:finish_line	8	static
../Core/Src/main.c:173:5:QTR8_read	16	static
../Core/Src/main.c:269:6:forward_brake	24	static
../Core/Src/main.c:278:6:past_errors	24	static
../Core/Src/main.c:285:5:errors_sum	24	static
../Core/Src/main.c:298:6:PID_control	40	static
../Core/Src/main.c:327:5:main	8	static
../Core/Src/main.c:381:6:SystemClock_Config	72	static
../Core/Src/main.c:418:13:MX_TIM1_Init	32	static
../Core/Src/main.c:464:13:MX_TIM4_Init	64	static
../Core/Src/main.c:527:13:MX_USART1_UART_Init	8	static
../Core/Src/main.c:560:13:MX_GPIO_Init	40	static
../Core/Src/main.c:609:6:HAL_UART_RxCpltCallback	24	static
../Core/Src/main.c:669:6:Error_Handler	4	static,ignoring_inline_asm
